🌟 Usage Summary 🌟
[Planning] Overall plan
🛠️ Model: o3-mini
📥 Input tokens: 23154 (Cost: $0.02546940)
📦 Cached input tokens: 0 (Cost: $0.00000000)
📤 Output tokens: 8666 (Cost: $0.03813040)
💵 Current total cost: $0.06359980
🪙 Accumulated total cost so far: $0.06359980
============================================

🌟 Usage Summary 🌟
[Planning] Architecture design
🛠️ Model: o3-mini
📥 Input tokens: 4414 (Cost: $0.00485540)
📦 Cached input tokens: 23040 (Cost: $0.01267200)
📤 Output tokens: 2546 (Cost: $0.01120240)
💵 Current total cost: $0.02872980
🪙 Accumulated total cost so far: $0.09232960
============================================

🌟 Usage Summary 🌟
[Planning] Logic design
🛠️ Model: o3-mini
📥 Input tokens: 1549 (Cost: $0.00170390)
📦 Cached input tokens: 27264 (Cost: $0.01499520)
📤 Output tokens: 1767 (Cost: $0.00777480)
💵 Current total cost: $0.02447390
🪙 Accumulated total cost so far: $0.11680350
============================================

🌟 Usage Summary 🌟
[Planning] Configuration file generation
🛠️ Model: o3-mini
📥 Input tokens: 1109 (Cost: $0.00121990)
📦 Cached input tokens: 28672 (Cost: $0.01576960)
📤 Output tokens: 2308 (Cost: $0.01015520)
💵 Current total cost: $0.02714470
🪙 Accumulated total cost so far: $0.14394820
============================================

🌟 Usage Summary 🌟
[ANALYSIS] dataset_loader.py
🛠️ Model: o3-mini
📥 Input tokens: 28990 (Cost: $0.03188900)
📦 Cached input tokens: 0 (Cost: $0.00000000)
📤 Output tokens: 6528 (Cost: $0.02872320)
💵 Current total cost: $0.06061220
🪙 Accumulated total cost so far: $0.20456040
============================================

🌟 Usage Summary 🌟
[ANALYSIS] model.py
🛠️ Model: o3-mini
📥 Input tokens: 274 (Cost: $0.00030140)
📦 Cached input tokens: 28800 (Cost: $0.01584000)
📤 Output tokens: 9903 (Cost: $0.04357320)
💵 Current total cost: $0.05971460
🪙 Accumulated total cost so far: $0.26427500
============================================

🌟 Usage Summary 🌟
[ANALYSIS] trainer.py
🛠️ Model: o3-mini
📥 Input tokens: 439 (Cost: $0.00048290)
📦 Cached input tokens: 28544 (Cost: $0.01569920)
📤 Output tokens: 3416 (Cost: $0.01503040)
💵 Current total cost: $0.03121250
🪙 Accumulated total cost so far: $0.29548750
============================================

🌟 Usage Summary 🌟
[ANALYSIS] evaluation.py
🛠️ Model: o3-mini
📥 Input tokens: 157 (Cost: $0.00017270)
📦 Cached input tokens: 28800 (Cost: $0.01584000)
📤 Output tokens: 5155 (Cost: $0.02268200)
💵 Current total cost: $0.03869470
🪙 Accumulated total cost so far: $0.33418220
============================================

🌟 Usage Summary 🌟
[ANALYSIS] main.py
🛠️ Model: o3-mini
📥 Input tokens: 180 (Cost: $0.00019800)
📦 Cached input tokens: 28800 (Cost: $0.01584000)
📤 Output tokens: 4020 (Cost: $0.01768800)
💵 Current total cost: $0.03372600
🪙 Accumulated total cost so far: $0.36790820
============================================

🌟 Usage Summary 🌟
[CODING] dataset_loader.py
🛠️ Model: o3-mini
📥 Input tokens: 30751 (Cost: $0.03382610)
📦 Cached input tokens: 0 (Cost: $0.00000000)
📤 Output tokens: 8057 (Cost: $0.03545080)
💵 Current total cost: $0.06927690
🪙 Accumulated total cost so far: $0.43718510
============================================

🌟 Usage Summary 🌟
[CODING] model.py
🛠️ Model: o3-mini
📥 Input tokens: 6397 (Cost: $0.00703670)
📦 Cached input tokens: 28544 (Cost: $0.01569920)
📤 Output tokens: 13420 (Cost: $0.05904800)
💵 Current total cost: $0.08178390
🪙 Accumulated total cost so far: $0.51896900
============================================

🌟 Usage Summary 🌟
[CODING] trainer.py
🛠️ Model: o3-mini
📥 Input tokens: 6410 (Cost: $0.00705100)
📦 Cached input tokens: 31616 (Cost: $0.01738880)
📤 Output tokens: 5143 (Cost: $0.02262920)
💵 Current total cost: $0.04706900
🪙 Accumulated total cost so far: $0.56603800
============================================

🌟 Usage Summary 🌟
[CODING] evaluation.py
🛠️ Model: o3-mini
📥 Input tokens: 4643 (Cost: $0.00510730)
📦 Cached input tokens: 35712 (Cost: $0.01964160)
📤 Output tokens: 5288 (Cost: $0.02326720)
💵 Current total cost: $0.04801610
🪙 Accumulated total cost so far: $0.61405410
============================================

🌟 Usage Summary 🌟
[CODING] main.py
🛠️ Model: o3-mini
📥 Input tokens: 5717 (Cost: $0.00628870)
📦 Cached input tokens: 37760 (Cost: $0.02076800)
📤 Output tokens: 9259 (Cost: $0.04073960)
💵 Current total cost: $0.06779630
🪙 Accumulated total cost so far: $0.68185040
============================================

